0.07008509673167285	0.040280163288116455
0.07008509673167285	0.040280163288116455
0.2227937296162551	0.07633227109909058
0.2227937296162551	0.07633227109909058
0.2227937296162551	0.07633227109909058
0.2227937296162551	0.07633227109909058
0.2227937296162551	0.07633227109909058
0.2227937296162551	0.07633227109909058
0.2227937296162551	0.07633227109909058
0.2227937296162551	0.07633227109909058
