0.11630406478369681	0.17375260591506958
0.11630406478369681	0.17375260591506958
0.045649987471105935	0.07986754179000854
0.08012607032276309	0.08802103996276855
0.08012607032276309	0.08802103996276855
0.08012607032276309	0.08802103996276855
0.08012607032276309	0.08802103996276855
0.08012607032276309	0.08802103996276855
0.08012607032276309	0.08802103996276855
0.08012607032276309	0.08802103996276855
