0.740760316402985	0.09871441125869751
0.7010738395331159	0.057738542556762695
0.7100741843236528	0.051682233810424805
0.7389683039622488	0.05700564384460449
0.7389683039622488	0.05700564384460449
0.7389683039622488	0.05700564384460449
0.7389683039622488	0.05700564384460449
0.7389683039622488	0.05700564384460449
0.7389683039622488	0.05700564384460449
0.7389683039622488	0.05700564384460449
