0.03677515697851086	0.14473992586135864
0.03677515697851086	0.14473992586135864
0.03677515697851086	0.14473992586135864
0.03976387685180249	0.1394374966621399
0.03976387685180249	0.1394374966621399
0.03976387685180249	0.1394374966621399
0.03976387685180249	0.1394374966621399
0.008538122791626246	0.08030050992965698
0.008538122791626246	0.08030050992965698
0.008538122791626246	0.08030050992965698
