0.026999914963734106	0.023199379444122314
0.026999914963734106	0.023199379444122314
0.026999914963734106	0.023199379444122314
0.026999914963734106	0.023199379444122314
0.026999914963734106	0.023199379444122314
0.051179643555203436	0.03070545196533203
0.051179643555203436	0.03070545196533203
0.051179643555203436	0.03070545196533203
0.051179643555203436	0.03070545196533203
0.051179643555203436	0.03070545196533203
