0.5448845267497869	0.02366924285888672
0.5448845267497869	0.02366924285888672
0.5448845267497869	0.02366924285888672
0.5448845267497869	0.02366924285888672
0.5448845267497869	0.02366924285888672
0.5448845267497869	0.02366924285888672
0.5448845267497869	0.02366924285888672
0.5448845267497869	0.02366924285888672
0.5448845267497869	0.02366924285888672
0.5448845267497869	0.02366924285888672
