0.013074282171542606	0.10301178693771362
0.05298951980932398	0.10167115926742554
0.05298951980932398	0.10167115926742554
0.05298951980932398	0.10167115926742554
0.03170979198376456	0.07512253522872925
0.03170979198376456	0.07512253522872925
0.05585335792049895	0.09863847494125366
0.05585335792049895	0.09863847494125366
0.047139994759381354	0.07683247327804565
0.047139994759381354	0.07683247327804565
