0.42343259643181264	0.039016664028167725
0.42725046980981485	0.03890186548233032
0.43241740065273426	0.03361397981643677
0.43241740065273426	0.03361397981643677
0.43241740065273426	0.03361397981643677
0.43241740065273426	0.03361397981643677
0.4376209789863572	0.03327751159667969
0.4376209789863572	0.03327751159667969
0.4376209789863572	0.03327751159667969
0.44245387600105	0.02479410171508789
