0.02085385977607479	0.050764381885528564
0.012074729049124655	0.03928947448730469
0.014357218953160555	0.026959478855133057
0.014357218953160555	0.026959478855133057
0.014357218953160555	0.026959478855133057
0.014357218953160555	0.026959478855133057
0.014357218953160555	0.026959478855133057
0.014357218953160555	0.026959478855133057
0.014357218953160555	0.026959478855133057
0.014357218953160555	0.026959478855133057
