0.04373767828555852	0.08147889375686646
0.010635787564211352	0.04237222671508789
0.010635787564211352	0.04237222671508789
0.010635787564211352	0.04237222671508789
0.02017998804756127	0.043369829654693604
0.017726312607018846	0.026334524154663086
0.017726312607018846	0.026334524154663086
0.010635787564211352	0.016937196254730225
0.010635787564211352	0.016937196254730225
0.010635787564211352	0.016937196254730225
