0.08276498691107426	0.08903765678405762
0.08276498691107426	0.08903765678405762
0.08276498691107426	0.08903765678405762
0.08276498691107426	0.08903765678405762
0.08276498691107426	0.08903765678405762
0.08276498691107426	0.08903765678405762
0.08276498691107426	0.08903765678405762
0.07929033327023083	0.0812869668006897
0.07929033327023083	0.0812869668006897
0.2444946286935722	0.13602691888809204
