0.6683070187066102	0.06232738494873047
0.6718902319979128	0.061401188373565674
0.6663250106356942	0.04007148742675781
0.6663250106356942	0.04007148742675781
0.6663250106356942	0.04007148742675781
0.6663250106356942	0.04007148742675781
0.6663250106356942	0.04007148742675781
0.6663250106356942	0.04007148742675781
0.6663250106356942	0.04007148742675781
0.6726644922810828	0.04226559400558472
