0.07458544828982161	0.07225102186203003
0.10494216605386164	0.0641278624534607
0.10494216605386164	0.0641278624534607
0.10494216605386164	0.0641278624534607
0.10494216605386164	0.0641278624534607
0.10494216605386164	0.0641278624534607
0.10494216605386164	0.0641278624534607
0.10494216605386164	0.0641278624534607
0.12606387228490756	0.06623250246047974
0.12606387228490756	0.06623250246047974
