0.022083314746930705	0.023210465908050537
0.022083314746930705	0.023210465908050537
0.02383513504942436	0.02218151092529297
0.02383513504942436	0.02218151092529297
0.01807736277744698	0.00858837366104126
0.027139210376432743	0.013666152954101562
0.027139210376432743	0.013666152954101562
0.027139210376432743	0.013666152954101562
0.027139210376432743	0.013666152954101562
0.027139210376432743	0.013666152954101562
