0.7083965853931738	0.07144862413406372
0.7083965853931738	0.07144862413406372
0.7084235936848126	0.061571598052978516
0.7084235936848126	0.061571598052978516
0.7084235936848126	0.061571598052978516
0.7084235936848126	0.061571598052978516
0.7084235936848126	0.061571598052978516
0.7084235936848126	0.061571598052978516
0.7084235936848126	0.061571598052978516
0.7083917351146185	0.056039512157440186
