0.687880508309564	0.03290700912475586
0.687880508309564	0.03290700912475586
0.7172533258992888	0.040416061878204346
0.7172533258992888	0.040416061878204346
0.7172533258992888	0.040416061878204346
0.7172533258992888	0.040416061878204346
0.7172533258992888	0.040416061878204346
0.7172533258992888	0.040416061878204346
0.7172533258992888	0.040416061878204346
0.7172533258992888	0.040416061878204346
