0.6403107063910101	0.07595539093017578
0.6403107063910101	0.07595539093017578
0.643725707912767	0.033750832080841064
0.643725707912767	0.033750832080841064
0.643725707912767	0.033750832080841064
0.643725707912767	0.033750832080841064
0.6867909330536686	0.04755377769470215
0.6867909330536686	0.04755377769470215
0.6867909330536686	0.04755377769470215
0.6867909330536686	0.04755377769470215
