0.6590868784092467	0.07492285966873169
0.6820801313819506	0.08956307172775269
0.6820801313819506	0.08956307172775269
0.6820801313819506	0.08956307172775269
0.6777214252237582	0.04238659143447876
0.6777214252237582	0.04238659143447876
0.6777214252237582	0.04238659143447876
0.6777214252237582	0.04238659143447876
0.6777214252237582	0.04238659143447876
0.6777214252237582	0.04238659143447876
