0.017512305012029494	0.07976752519607544
0.006341958396752889	0.037022531032562256
0.006341958396752889	0.037022531032562256
0.006341958396752889	0.037022531032562256
0.006341958396752889	0.037022531032562256
0.006341958396752889	0.037022531032562256
0.006341958396752889	0.037022531032562256
0.04373767828555852	0.06485867500305176
0.04373767828555852	0.06485867500305176
0.04373767828555852	0.06485867500305176
