0.7104713579885857	0.0462188720703125
0.7104713579885857	0.0462188720703125
0.7142224996002984	0.04075145721435547
0.7142224996002984	0.04075145721435547
0.7142224996002984	0.04075145721435547
0.7189175957755953	0.045435428619384766
0.7189175957755953	0.045435428619384766
0.7645794394850428	0.06693869829177856
0.7645794394850428	0.06693869829177856
0.7645794394850428	0.06693869829177856
